# [REQUIRED]: object.
gitcall_docker_server:
    # [REQUIRED]: object.
    config:
        debug: false
        experimental: false
        insecure_registries: []
        metrics_addr: ''
release:
    name: 'gitcall_docker_server_release'
    require:
        gitcall_docker_server: 'aVersion'
    repositories:
        gitcall_docker_server:
            source: 'local'
            local:
                path: '../'
