# [REQUIRED]: object.
gitcall_docker_server:
    # [REQUIRED]: object.
    config:
        debug: false
        experimental: false
        insecure_registries: []
        metrics_addr: ''
