# Source: gitcall_docker_server_release/charts/gitcall_docker_server/templates/configmap.yaml
apiVersion: v1
kind: ConfigMap
metadata:
  name: RELEASE-NAME-gitcall-docker-server-config
  labels:
    release: "RELEASE-NAME"
    app: "gitcall"
    tier: "docker_server"
data:
  daemon.json: |
    {
      "debug": false,
      "experimental": false,
      "insecure_registries": [],
      "metrics_addr": ""
    }
---
# Source: gitcall_docker_server_release/charts/gitcall_docker_server/templates/service.yaml
